lca(0, 3) = 0
lca(0, 4) = 0
lca(0, 5) = 0
lca(0, 6) = 0
lca(1, 2) = 0
lca(1, 5) = 0
lca(1, 6) = 0
lca(2, 3) = 0
lca(2, 4) = 0
lca(3, 4) = 1
lca(3, 5) = 0
lca(3, 6) = 0
lca(4, 5) = 0
lca(4, 6) = 0
lca(5, 6) = 2
