26 vertices
deg(0) = 3
deg(1) = 3
deg(2) = 5
deg(3) = 4
deg(4) = 3
deg(5) = 5
deg(6) = 3
deg(7) = 2
deg(8) = 3
deg(9) = 2
deg(10) = 2
deg(11) = 2
deg(12) = 2
deg(13) = 1
deg(14) = 4
deg(15) = 1
deg(16) = 1
deg(17) = 3
deg(18) = 1
deg(19) = 1
deg(20) = 4
deg(21) = 1
deg(22) = 1
deg(23) = 1
deg(24) = 2
deg(25) = 2
