stretch(0, 3) = 2.000000
stretch(0, 4) = 2.000000
stretch(0, 5) = 2.000000
stretch(0, 6) = 2.000000
stretch(1, 2) = 2.000000
stretch(1, 5) = 3.000000
stretch(1, 6) = 3.000000
stretch(2, 3) = 3.000000
stretch(2, 4) = 3.000000
stretch(3, 4) = 2.000000
stretch(3, 5) = 4.000000
stretch(3, 6) = 4.000000
stretch(4, 5) = 4.000000
stretch(4, 6) = 4.000000
stretch(5, 6) = 2.000000
