Root: 14
0:
1:
2: 0 1
3:
4:
5:
6:
7:
8: 2 3 4
9: 5
10: 6 7
11: 8 9
12: 10
13:
14: 11 12 13
