0 1 2 3 4 5 6 7 
1 1 2 3 4 5 6 7 
1 1 3 3 4 5 6 7 
1 1 3 3 5 5 6 7 
1 1 3 3 5 5 7 7 
3 3 3 3 5 5 7 7 
3 3 3 3 7 7 7 7 
3 3 3 3 7 7 7 7 
7 7 7 7 7 7 7 7 
7 7 7 7 7 7 7 7 
